// Jest Snapshot v1, https://goo.gl/fbAQLP

exports[`renders correctly 1`] = `
<View
  style={
    {
      "alignItems": "center",
      "backgroundColor": "#3b5998",
      "flex": 1,
      "justifyContent": "center",
    }
  }
>
  <View
    collapsable={false}
    style={
      {
        "alignItems": "center",
        "backgroundColor": "#3b5998",
        "height": 1334,
        "justifyContent": "center",
        "left": 0,
        "opacity": 1,
        "position": "absolute",
        "top": 0,
        "width": 750,
        "zIndex": 2,
      }
    }
  >
    <Text
      style={
        {
          "color": "white",
          "fontSize": 48,
          "fontWeight": "bold",
          "letterSpacing": 2,
        }
      }
    >
      Compare
    </Text>
  </View>
</View>
`;
